// Jest Snapshot v1, https://goo.gl/fbAQLP

exports[`<Header /> match snapshot 1`] = `
<div
  className="w-full h-20 px-40 flex justify-between items-center border-gray-900 border-b-2"
>
  <Logo />
  <div
    className="flex justify-center items-center"
  >
    Jesus(a@a.com)
    <Avatar
      className="bg-gray-900 text-white ml-2"
    />
  </div>
</div>
`;
